
[FAMILY SUPPORT SCHEDULER] All caught up! No upcoming or expired bills found.


[FAMILY SUPPORT SCHEDULER] All caught up! No upcoming or expired bills found.


[FAMILY SUPPORT SCHEDULER] All caught up! No upcoming or expired bills found.

jq: parse error: Invalid numeric literal at line 1, column 9

--------------------------------------------------------------------------
[FAMILY SUPPORT SCHEDULER] ALERT: BILLS NEED ATTENTION!

[Upcoming Due Bills]
Old Water Bill due on 2026-03-01 | Rs.800.0
March Rent due on 2026-03-05 | Rs.15000.0
Electricity - Mar due on 2026-03-20 | Rs.2450.0
Credit Card - Mar due on 2026-04-05 | Rs.12000.0
Rent due on 2026-05-03 | Rs.15000.0
DTH Recharge due on 2026-05-05 | Rs.450.0
Insurance due on 2026-05-07 | Rs.5000.0
Weekly Milk due on 2026-05-07 | Rs.350.0
es due on 2026-05-08 | Rs.2323.0
School Fee due on 2026-05-09 | Rs.8000.0
Car EMI due on 2026-05-10 | Rs.10000.0
--------------------------------------------------------------------------


[FAMILY SUPPORT SCHEDULER] All caught up! No upcoming or expired bills found.

